// Jest Snapshot v1, https://goo.gl/fbAQLP

exports[`Pruebas en <GifItem.jsx /> debe hacer match con el snapshot 1`] = `
<div>
  <div
    class="card"
  >
    <img
      alt="Goku"
      src="https://goku.com/"
    />
    <p>
       
      Goku
       
    </p>
  </div>
</div>
`;
